2025-12-14 19:41:33,016 - Trades_Exporter - INFO - Trades Exporter starting...
2025-12-14 19:41:33,016 - Trades_Exporter - INFO - Instruments: ['BTC-USDT-SWAP', 'ETH-USDT-SWAP']
2025-12-14 19:41:33,016 - Trades_Exporter - INFO - Fetching instrument metadata...
2025-12-14 19:41:33,591 - Trades_Exporter - INFO - [BTC-USDT-SWAP] Metadata fetched and saved: ctVal=0.01, ctMult=1
2025-12-14 19:41:34,107 - Trades_Exporter - INFO - [ETH-USDT-SWAP] Metadata fetched and saved: ctVal=0.1, ctMult=1
2025-12-14 19:41:34,108 - Trades_Exporter - INFO - Metadata loaded successfully
2025-12-14 19:41:34,108 - Trades_Exporter - INFO - Connecting to wss://ws.okx.com:8443/ws/v5/public
2025-12-14 19:41:35,082 - Trades_Exporter - INFO - Connected successfully
2025-12-14 19:41:35,082 - Trades_Exporter - INFO - Subscribed to trades for 2 instruments
2025-12-14 19:41:35,338 - Trades_Exporter - INFO - Event: {'event': 'subscribe', 'arg': {'channel': 'trades', 'instId': 'BTC-USDT-SWAP'}, 'connId': 'c34641ca'}
2025-12-14 19:41:35,338 - Trades_Exporter - INFO - Event: {'event': 'subscribe', 'arg': {'channel': 'trades', 'instId': 'ETH-USDT-SWAP'}, 'connId': 'c34641ca'}
2025-12-14 23:03:30,922 - Trades_Exporter - WARNING - WebSocket connection closed
2025-12-14 23:03:30,922 - Trades_Exporter - WARNING - Reconnecting in 5s...
2025-12-14 23:03:35,932 - Trades_Exporter - INFO - Connecting to wss://ws.okx.com:8443/ws/v5/public
2025-12-14 23:03:36,960 - Trades_Exporter - INFO - Connected successfully
2025-12-14 23:03:36,961 - Trades_Exporter - INFO - Subscribed to trades for 2 instruments
2025-12-14 23:03:37,248 - Trades_Exporter - INFO - Event: {'event': 'subscribe', 'arg': {'channel': 'trades', 'instId': 'BTC-USDT-SWAP'}, 'connId': 'df3d0d84'}
2025-12-14 23:03:37,249 - Trades_Exporter - INFO - Event: {'event': 'subscribe', 'arg': {'channel': 'trades', 'instId': 'ETH-USDT-SWAP'}, 'connId': 'df3d0d84'}
2025-12-14 23:14:34,493 - Trades_Exporter - WARNING - WebSocket connection closed
2025-12-14 23:14:34,494 - Trades_Exporter - WARNING - Reconnecting in 5s...
2025-12-14 23:14:39,507 - Trades_Exporter - INFO - Connecting to wss://ws.okx.com:8443/ws/v5/public
2025-12-14 23:14:40,462 - Trades_Exporter - INFO - Connected successfully
2025-12-14 23:14:40,462 - Trades_Exporter - INFO - Subscribed to trades for 2 instruments
2025-12-14 23:14:40,705 - Trades_Exporter - INFO - Event: {'event': 'subscribe', 'arg': {'channel': 'trades', 'instId': 'BTC-USDT-SWAP'}, 'connId': '4a6d3c33'}
2025-12-14 23:14:40,705 - Trades_Exporter - INFO - Event: {'event': 'subscribe', 'arg': {'channel': 'trades', 'instId': 'ETH-USDT-SWAP'}, 'connId': '4a6d3c33'}
2025-12-15 00:15:28,214 - Trades_Exporter - WARNING - WebSocket connection closed
2025-12-15 00:15:28,215 - Trades_Exporter - WARNING - Reconnecting in 5s...
2025-12-15 00:15:33,228 - Trades_Exporter - INFO - Connecting to wss://ws.okx.com:8443/ws/v5/public
2025-12-15 00:15:34,188 - Trades_Exporter - INFO - Connected successfully
2025-12-15 00:15:34,189 - Trades_Exporter - INFO - Subscribed to trades for 2 instruments
2025-12-15 00:15:34,449 - Trades_Exporter - INFO - Event: {'event': 'subscribe', 'arg': {'channel': 'trades', 'instId': 'BTC-USDT-SWAP'}, 'connId': '30e2b97d'}
2025-12-15 00:15:34,449 - Trades_Exporter - INFO - Event: {'event': 'subscribe', 'arg': {'channel': 'trades', 'instId': 'ETH-USDT-SWAP'}, 'connId': '30e2b97d'}
2025-12-15 01:46:52,605 - Trades_Exporter - WARNING - WebSocket connection closed
2025-12-15 01:46:52,605 - Trades_Exporter - WARNING - Reconnecting in 5s...
2025-12-15 01:46:57,613 - Trades_Exporter - INFO - Connecting to wss://ws.okx.com:8443/ws/v5/public
2025-12-15 01:46:58,607 - Trades_Exporter - INFO - Connected successfully
2025-12-15 01:46:58,608 - Trades_Exporter - INFO - Subscribed to trades for 2 instruments
2025-12-15 01:46:58,842 - Trades_Exporter - INFO - Event: {'event': 'subscribe', 'arg': {'channel': 'trades', 'instId': 'BTC-USDT-SWAP'}, 'connId': '739c8d47'}
2025-12-15 01:46:58,842 - Trades_Exporter - INFO - Event: {'event': 'subscribe', 'arg': {'channel': 'trades', 'instId': 'ETH-USDT-SWAP'}, 'connId': '739c8d47'}
2025-12-15 03:03:06,439 - Trades_Exporter - WARNING - WebSocket connection closed
2025-12-15 03:03:06,439 - Trades_Exporter - WARNING - Reconnecting in 5s...
2025-12-15 03:03:11,450 - Trades_Exporter - INFO - Connecting to wss://ws.okx.com:8443/ws/v5/public
2025-12-15 03:03:12,402 - Trades_Exporter - INFO - Connected successfully
2025-12-15 03:03:12,402 - Trades_Exporter - INFO - Subscribed to trades for 2 instruments
2025-12-15 03:03:12,650 - Trades_Exporter - INFO - Event: {'event': 'subscribe', 'arg': {'channel': 'trades', 'instId': 'BTC-USDT-SWAP'}, 'connId': 'dab42bf9'}
2025-12-15 03:03:12,650 - Trades_Exporter - INFO - Event: {'event': 'subscribe', 'arg': {'channel': 'trades', 'instId': 'ETH-USDT-SWAP'}, 'connId': 'dab42bf9'}
2025-12-15 05:48:21,519 - Trades_Exporter - INFO - Trades Exporter starting...
2025-12-15 05:48:21,519 - Trades_Exporter - INFO - Instruments: ['BTC-USDT-SWAP', 'ETH-USDT-SWAP']
2025-12-15 05:48:21,519 - Trades_Exporter - INFO - Fetching instrument metadata...
2025-12-15 05:48:22,091 - Trades_Exporter - INFO - [BTC-USDT-SWAP] Metadata fetched and saved: ctVal=0.01, ctMult=1
2025-12-15 05:48:22,578 - Trades_Exporter - INFO - [ETH-USDT-SWAP] Metadata fetched and saved: ctVal=0.1, ctMult=1
2025-12-15 05:48:22,579 - Trades_Exporter - INFO - Metadata loaded successfully
2025-12-15 05:48:22,579 - Trades_Exporter - INFO - Connecting to wss://ws.okx.com:8443/ws/v5/public
2025-12-15 05:48:23,522 - Trades_Exporter - INFO - Connected successfully
2025-12-15 05:48:23,522 - Trades_Exporter - INFO - Subscribed to trades for 2 instruments
2025-12-15 05:48:23,773 - Trades_Exporter - INFO - Event: {'event': 'subscribe', 'arg': {'channel': 'trades', 'instId': 'BTC-USDT-SWAP'}, 'connId': '82419287'}
2025-12-15 05:48:23,773 - Trades_Exporter - INFO - Event: {'event': 'subscribe', 'arg': {'channel': 'trades', 'instId': 'ETH-USDT-SWAP'}, 'connId': '82419287'}
2025-12-15 05:49:08,693 - Trades_Exporter - INFO - Trades Exporter starting...
2025-12-15 05:49:08,693 - Trades_Exporter - INFO - Instruments: ['BTC-USDT-SWAP', 'ETH-USDT-SWAP']
2025-12-15 05:49:08,693 - Trades_Exporter - INFO - Fetching instrument metadata...
2025-12-15 05:49:09,222 - Trades_Exporter - INFO - [BTC-USDT-SWAP] Metadata fetched and saved: ctVal=0.01, ctMult=1
2025-12-15 05:49:09,741 - Trades_Exporter - INFO - [ETH-USDT-SWAP] Metadata fetched and saved: ctVal=0.1, ctMult=1
2025-12-15 05:49:09,742 - Trades_Exporter - INFO - Metadata loaded successfully
2025-12-15 05:49:09,742 - Trades_Exporter - INFO - Connecting to wss://ws.okx.com:8443/ws/v5/public
2025-12-15 05:49:10,565 - Trades_Exporter - INFO - Connected successfully
2025-12-15 05:49:10,566 - Trades_Exporter - INFO - Subscribed to trades for 2 instruments
2025-12-15 05:49:10,800 - Trades_Exporter - INFO - Event: {'event': 'subscribe', 'arg': {'channel': 'trades', 'instId': 'BTC-USDT-SWAP'}, 'connId': '82ff3392'}
2025-12-15 05:49:10,800 - Trades_Exporter - INFO - Event: {'event': 'subscribe', 'arg': {'channel': 'trades', 'instId': 'ETH-USDT-SWAP'}, 'connId': '82ff3392'}
2025-12-15 06:29:56,343 - Trades_Exporter - WARNING - WebSocket connection closed
2025-12-15 06:29:56,343 - Trades_Exporter - WARNING - Reconnecting in 5s...
2025-12-15 06:30:01,358 - Trades_Exporter - INFO - Connecting to wss://ws.okx.com:8443/ws/v5/public
2025-12-15 06:30:02,215 - Trades_Exporter - INFO - Connected successfully
2025-12-15 06:30:02,215 - Trades_Exporter - INFO - Subscribed to trades for 2 instruments
2025-12-15 06:30:02,463 - Trades_Exporter - INFO - Event: {'event': 'subscribe', 'arg': {'channel': 'trades', 'instId': 'BTC-USDT-SWAP'}, 'connId': '14c61f5e'}
2025-12-15 06:30:02,463 - Trades_Exporter - INFO - Event: {'event': 'subscribe', 'arg': {'channel': 'trades', 'instId': 'ETH-USDT-SWAP'}, 'connId': '14c61f5e'}
2025-12-15 07:31:44,698 - Trades_Exporter - WARNING - WebSocket connection closed
2025-12-15 07:31:44,699 - Trades_Exporter - WARNING - Reconnecting in 5s...
2025-12-15 07:31:49,711 - Trades_Exporter - INFO - Connecting to wss://ws.okx.com:8443/ws/v5/public
2025-12-15 07:31:50,593 - Trades_Exporter - INFO - Connected successfully
2025-12-15 07:31:50,593 - Trades_Exporter - INFO - Subscribed to trades for 2 instruments
2025-12-15 07:31:50,846 - Trades_Exporter - INFO - Event: {'event': 'subscribe', 'arg': {'channel': 'trades', 'instId': 'BTC-USDT-SWAP'}, 'connId': '9ddcf54a'}
2025-12-15 07:31:50,846 - Trades_Exporter - INFO - Event: {'event': 'subscribe', 'arg': {'channel': 'trades', 'instId': 'ETH-USDT-SWAP'}, 'connId': '9ddcf54a'}
2025-12-15 08:21:36,495 - Trades_Exporter - WARNING - WebSocket connection closed
2025-12-15 08:21:36,495 - Trades_Exporter - WARNING - Reconnecting in 5s...
2025-12-15 08:21:41,501 - Trades_Exporter - INFO - Connecting to wss://ws.okx.com:8443/ws/v5/public
2025-12-15 08:21:42,385 - Trades_Exporter - INFO - Connected successfully
2025-12-15 08:21:42,385 - Trades_Exporter - INFO - Subscribed to trades for 2 instruments
2025-12-15 08:21:42,634 - Trades_Exporter - INFO - Event: {'event': 'subscribe', 'arg': {'channel': 'trades', 'instId': 'BTC-USDT-SWAP'}, 'connId': 'ebbc59ed'}
2025-12-15 08:21:42,634 - Trades_Exporter - INFO - Event: {'event': 'subscribe', 'arg': {'channel': 'trades', 'instId': 'ETH-USDT-SWAP'}, 'connId': 'ebbc59ed'}
2025-12-15 09:30:48,279 - Trades_Exporter - WARNING - WebSocket connection closed
2025-12-15 09:30:48,279 - Trades_Exporter - WARNING - Reconnecting in 5s...
2025-12-15 09:30:53,286 - Trades_Exporter - INFO - Connecting to wss://ws.okx.com:8443/ws/v5/public
2025-12-15 09:30:54,199 - Trades_Exporter - INFO - Connected successfully
2025-12-15 09:30:54,200 - Trades_Exporter - INFO - Subscribed to trades for 2 instruments
2025-12-15 09:30:54,469 - Trades_Exporter - INFO - Event: {'event': 'subscribe', 'arg': {'channel': 'trades', 'instId': 'BTC-USDT-SWAP'}, 'connId': 'd11934a4'}
2025-12-15 09:30:54,469 - Trades_Exporter - INFO - Event: {'event': 'subscribe', 'arg': {'channel': 'trades', 'instId': 'ETH-USDT-SWAP'}, 'connId': 'd11934a4'}
2025-12-15 10:14:46,040 - Trades_Exporter - WARNING - WebSocket connection closed
2025-12-15 10:14:46,040 - Trades_Exporter - WARNING - Reconnecting in 5s...
2025-12-15 10:14:51,040 - Trades_Exporter - INFO - Connecting to wss://ws.okx.com:8443/ws/v5/public
2025-12-15 10:14:52,056 - Trades_Exporter - INFO - Connected successfully
2025-12-15 10:14:52,057 - Trades_Exporter - INFO - Subscribed to trades for 2 instruments
2025-12-15 10:14:52,318 - Trades_Exporter - INFO - Event: {'event': 'subscribe', 'arg': {'channel': 'trades', 'instId': 'BTC-USDT-SWAP'}, 'connId': 'dcfd931f'}
2025-12-15 10:14:52,318 - Trades_Exporter - INFO - Event: {'event': 'subscribe', 'arg': {'channel': 'trades', 'instId': 'ETH-USDT-SWAP'}, 'connId': 'dcfd931f'}
2025-12-15 10:27:01,953 - Trades_Exporter - WARNING - WebSocket connection closed
2025-12-15 10:27:01,953 - Trades_Exporter - WARNING - Reconnecting in 5s...
2025-12-15 10:27:06,959 - Trades_Exporter - INFO - Connecting to wss://ws.okx.com:8443/ws/v5/public
2025-12-15 10:27:07,947 - Trades_Exporter - INFO - Connected successfully
2025-12-15 10:27:07,947 - Trades_Exporter - INFO - Subscribed to trades for 2 instruments
2025-12-15 10:27:08,200 - Trades_Exporter - INFO - Event: {'event': 'subscribe', 'arg': {'channel': 'trades', 'instId': 'BTC-USDT-SWAP'}, 'connId': '90a1aeb7'}
2025-12-15 10:27:08,200 - Trades_Exporter - INFO - Event: {'event': 'subscribe', 'arg': {'channel': 'trades', 'instId': 'ETH-USDT-SWAP'}, 'connId': '90a1aeb7'}
2025-12-15 10:43:14,298 - Trades_Exporter - WARNING - WebSocket connection closed
2025-12-15 10:43:14,298 - Trades_Exporter - WARNING - Reconnecting in 5s...
2025-12-15 10:43:19,312 - Trades_Exporter - INFO - Connecting to wss://ws.okx.com:8443/ws/v5/public
2025-12-15 10:43:20,243 - Trades_Exporter - INFO - Connected successfully
2025-12-15 10:43:20,244 - Trades_Exporter - INFO - Subscribed to trades for 2 instruments
2025-12-15 10:43:20,489 - Trades_Exporter - INFO - Event: {'event': 'subscribe', 'arg': {'channel': 'trades', 'instId': 'BTC-USDT-SWAP'}, 'connId': '8b9ffbd1'}
2025-12-15 10:43:20,489 - Trades_Exporter - INFO - Event: {'event': 'subscribe', 'arg': {'channel': 'trades', 'instId': 'ETH-USDT-SWAP'}, 'connId': '8b9ffbd1'}
2025-12-15 10:45:29,986 - Trades_Exporter - WARNING - WebSocket connection closed
2025-12-15 10:45:29,986 - Trades_Exporter - WARNING - Reconnecting in 5s...
2025-12-15 10:45:34,996 - Trades_Exporter - INFO - Connecting to wss://ws.okx.com:8443/ws/v5/public
2025-12-15 10:45:35,868 - Trades_Exporter - INFO - Connected successfully
2025-12-15 10:45:35,868 - Trades_Exporter - INFO - Subscribed to trades for 2 instruments
2025-12-15 10:45:36,113 - Trades_Exporter - INFO - Event: {'event': 'subscribe', 'arg': {'channel': 'trades', 'instId': 'BTC-USDT-SWAP'}, 'connId': 'ef730642'}
2025-12-15 10:45:36,113 - Trades_Exporter - INFO - Event: {'event': 'subscribe', 'arg': {'channel': 'trades', 'instId': 'ETH-USDT-SWAP'}, 'connId': 'ef730642'}
2025-12-15 11:53:24,093 - Trades_Exporter - WARNING - WebSocket connection closed
2025-12-15 11:53:24,093 - Trades_Exporter - WARNING - Reconnecting in 5s...
2025-12-15 11:53:29,101 - Trades_Exporter - INFO - Connecting to wss://ws.okx.com:8443/ws/v5/public
2025-12-15 11:53:30,113 - Trades_Exporter - INFO - Connected successfully
2025-12-15 11:53:30,113 - Trades_Exporter - INFO - Subscribed to trades for 2 instruments
2025-12-15 11:53:30,376 - Trades_Exporter - INFO - Event: {'event': 'subscribe', 'arg': {'channel': 'trades', 'instId': 'BTC-USDT-SWAP'}, 'connId': 'cc98bde6'}
2025-12-15 11:53:30,376 - Trades_Exporter - INFO - Event: {'event': 'subscribe', 'arg': {'channel': 'trades', 'instId': 'ETH-USDT-SWAP'}, 'connId': 'cc98bde6'}
2025-12-15 16:29:44,294 - Trades_Exporter - WARNING - WebSocket connection closed
2025-12-15 16:29:44,295 - Trades_Exporter - WARNING - Reconnecting in 5s...
2025-12-15 16:29:49,296 - Trades_Exporter - INFO - Connecting to wss://ws.okx.com:8443/ws/v5/public
2025-12-15 16:29:50,228 - Trades_Exporter - INFO - Connected successfully
2025-12-15 16:29:50,228 - Trades_Exporter - INFO - Subscribed to trades for 2 instruments
2025-12-15 16:29:50,474 - Trades_Exporter - INFO - Event: {'event': 'subscribe', 'arg': {'channel': 'trades', 'instId': 'BTC-USDT-SWAP'}, 'connId': '3bf8cb8d'}
2025-12-15 16:29:50,474 - Trades_Exporter - INFO - Event: {'event': 'subscribe', 'arg': {'channel': 'trades', 'instId': 'ETH-USDT-SWAP'}, 'connId': '3bf8cb8d'}
2025-12-15 16:34:36,702 - Trades_Exporter - WARNING - WebSocket connection closed
2025-12-15 16:34:36,702 - Trades_Exporter - WARNING - Reconnecting in 5s...
2025-12-15 16:34:41,713 - Trades_Exporter - INFO - Connecting to wss://ws.okx.com:8443/ws/v5/public
2025-12-15 16:34:42,737 - Trades_Exporter - INFO - Connected successfully
2025-12-15 16:34:42,737 - Trades_Exporter - INFO - Subscribed to trades for 2 instruments
2025-12-15 16:34:42,970 - Trades_Exporter - INFO - Event: {'event': 'subscribe', 'arg': {'channel': 'trades', 'instId': 'BTC-USDT-SWAP'}, 'connId': '999abbac'}
2025-12-15 16:34:42,970 - Trades_Exporter - INFO - Event: {'event': 'subscribe', 'arg': {'channel': 'trades', 'instId': 'ETH-USDT-SWAP'}, 'connId': '999abbac'}
2025-12-15 16:56:00,462 - Trades_Exporter - WARNING - WebSocket connection closed
2025-12-15 16:56:00,462 - Trades_Exporter - WARNING - Reconnecting in 5s...
2025-12-15 16:56:05,477 - Trades_Exporter - INFO - Connecting to wss://ws.okx.com:8443/ws/v5/public
2025-12-15 16:56:06,456 - Trades_Exporter - INFO - Connected successfully
2025-12-15 16:56:06,456 - Trades_Exporter - INFO - Subscribed to trades for 2 instruments
2025-12-15 16:56:06,701 - Trades_Exporter - INFO - Event: {'event': 'subscribe', 'arg': {'channel': 'trades', 'instId': 'BTC-USDT-SWAP'}, 'connId': '3d16e413'}
2025-12-15 16:56:06,702 - Trades_Exporter - INFO - Event: {'event': 'subscribe', 'arg': {'channel': 'trades', 'instId': 'ETH-USDT-SWAP'}, 'connId': '3d16e413'}
2025-12-15 17:38:52,109 - Trades_Exporter - WARNING - WebSocket connection closed
2025-12-15 17:38:52,109 - Trades_Exporter - WARNING - Reconnecting in 5s...
2025-12-15 17:38:57,114 - Trades_Exporter - INFO - Connecting to wss://ws.okx.com:8443/ws/v5/public
2025-12-15 17:38:58,097 - Trades_Exporter - INFO - Connected successfully
2025-12-15 17:38:58,097 - Trades_Exporter - INFO - Subscribed to trades for 2 instruments
2025-12-15 17:38:58,344 - Trades_Exporter - INFO - Event: {'event': 'subscribe', 'arg': {'channel': 'trades', 'instId': 'BTC-USDT-SWAP'}, 'connId': 'e874fc75'}
2025-12-15 17:38:58,344 - Trades_Exporter - INFO - Event: {'event': 'subscribe', 'arg': {'channel': 'trades', 'instId': 'ETH-USDT-SWAP'}, 'connId': 'e874fc75'}
2025-12-15 17:51:41,585 - Trades_Exporter - WARNING - WebSocket connection closed
2025-12-15 17:51:41,585 - Trades_Exporter - WARNING - Reconnecting in 5s...
2025-12-15 17:51:46,592 - Trades_Exporter - INFO - Connecting to wss://ws.okx.com:8443/ws/v5/public
2025-12-15 17:51:47,504 - Trades_Exporter - INFO - Connected successfully
2025-12-15 17:51:47,505 - Trades_Exporter - INFO - Subscribed to trades for 2 instruments
2025-12-15 17:51:47,740 - Trades_Exporter - INFO - Event: {'event': 'subscribe', 'arg': {'channel': 'trades', 'instId': 'BTC-USDT-SWAP'}, 'connId': '11ecc0ac'}
2025-12-15 17:51:47,740 - Trades_Exporter - INFO - Event: {'event': 'subscribe', 'arg': {'channel': 'trades', 'instId': 'ETH-USDT-SWAP'}, 'connId': '11ecc0ac'}
